// Vitest Snapshot v1, https://vitest.dev/guide/snapshot.html

exports[`Card component > render card 1`] = `
{
  "asFragment": [Function],
  "baseElement": <body>
    <div>
      <div
        class="_wrapper_c39673"
      >
        <div
          class="_container_c39673"
        >
          <div
            class="_container__img_c39673"
          >
            <img
              alt=""
              src="../../public/img/970743.webp"
            />
          </div>
          <div
            class="_description_c39673"
          >
            <h2>
              hi
            </h2>
            <h3>
              $
              100
            </h3>
            <div
              class="_description__buttons_c39673"
            >
              <div>
                <button
                  class="_buttonDiminish_174586"
                >
                  -
                </button>
                <input
                  type="number"
                  value="0"
                />
                <button
                  class="_buttonAdd_54f96f"
                >
                  +
                </button>
              </div>
              <button
                class="_addToCart_a9c296"
              >
                Add to Cart
              </button>
            </div>
          </div>
        </div>
      </div>
    </div>
  </body>,
  "container": <div>
    <div
      class="_wrapper_c39673"
    >
      <div
        class="_container_c39673"
      >
        <div
          class="_container__img_c39673"
        >
          <img
            alt=""
            src="../../public/img/970743.webp"
          />
        </div>
        <div
          class="_description_c39673"
        >
          <h2>
            hi
          </h2>
          <h3>
            $
            100
          </h3>
          <div
            class="_description__buttons_c39673"
          >
            <div>
              <button
                class="_buttonDiminish_174586"
              >
                -
              </button>
              <input
                type="number"
                value="0"
              />
              <button
                class="_buttonAdd_54f96f"
              >
                +
              </button>
            </div>
            <button
              class="_addToCart_a9c296"
            >
              Add to Cart
            </button>
          </div>
        </div>
      </div>
    </div>
  </div>,
  "debug": [Function],
  "findAllByAltText": [Function],
  "findAllByDisplayValue": [Function],
  "findAllByLabelText": [Function],
  "findAllByPlaceholderText": [Function],
  "findAllByRole": [Function],
  "findAllByTestId": [Function],
  "findAllByText": [Function],
  "findAllByTitle": [Function],
  "findByAltText": [Function],
  "findByDisplayValue": [Function],
  "findByLabelText": [Function],
  "findByPlaceholderText": [Function],
  "findByRole": [Function],
  "findByTestId": [Function],
  "findByText": [Function],
  "findByTitle": [Function],
  "getAllByAltText": [Function],
  "getAllByDisplayValue": [Function],
  "getAllByLabelText": [Function],
  "getAllByPlaceholderText": [Function],
  "getAllByRole": [Function],
  "getAllByTestId": [Function],
  "getAllByText": [Function],
  "getAllByTitle": [Function],
  "getByAltText": [Function],
  "getByDisplayValue": [Function],
  "getByLabelText": [Function],
  "getByPlaceholderText": [Function],
  "getByRole": [Function],
  "getByTestId": [Function],
  "getByText": [Function],
  "getByTitle": [Function],
  "queryAllByAltText": [Function],
  "queryAllByDisplayValue": [Function],
  "queryAllByLabelText": [Function],
  "queryAllByPlaceholderText": [Function],
  "queryAllByRole": [Function],
  "queryAllByTestId": [Function],
  "queryAllByText": [Function],
  "queryAllByTitle": [Function],
  "queryByAltText": [Function],
  "queryByDisplayValue": [Function],
  "queryByLabelText": [Function],
  "queryByPlaceholderText": [Function],
  "queryByRole": [Function],
  "queryByTestId": [Function],
  "queryByText": [Function],
  "queryByTitle": [Function],
  "rerender": [Function],
  "unmount": [Function],
}
`;
